device\driverlib\adc.c                                                               
device\driverlib\adc.h                                                               
device\driverlib\aes.c                                                               
device\driverlib\aes.h                                                               
device\driverlib\asysctl.c                                                           
device\driverlib\asysctl.h                                                           
device\driverlib\bgcrc.c                                                             
device\driverlib\bgcrc.h                                                             
CPU1_RAM\syscfg\board.c                                                              
CPU1_RAM\syscfg\board.h                                                              
CPU1_RAM\syscfg\c2000ware_libraries.c                                                
CPU1_RAM\syscfg\c2000ware_libraries.h                                                
device\driverlib\can.c                                                               
device\driverlib\can.h                                                               
device\driverlib\cla.c                                                               
device\driverlib\cla.h                                                               
device\driverlib\clb.c                                                               
device\driverlib\clb.h                                                               
CPU1_RAM\syscfg\clocktree.h                                                          
device\driverlib\cmpss.c                                                             
device\driverlib\cmpss.h                                                             
device\driverlib\cpu.h                                                               
device\driverlib\cputimer.c                                                          
device\driverlib\cputimer.h                                                          
device\driverlib\dac.c                                                               
device\driverlib\dac.h                                                               
device\driverlib\dcc.c                                                               
device\driverlib\dcc.h                                                               
C:\ti\c2000\C2000Ware_5_00_00_00\libraries\control\DCL\c28\include\DCLCLA.h          
device\driverlib\dcsm.c                                                              
device\driverlib\dcsm.h                                                              
device\driverlib\debug.h                                                             
device\device.c                                                                      
device\device.h                                                                      
device\driverlib\dma.c                                                               
device\driverlib\dma.h                                                               
device\driverlib.h                                                                   
device\driverlib\driver_inclusive_terminology_mapping.h                              
DT3000_TX_test_64.c                                                                  
DT3000_TX_test_64.h                                                                  
DT3000_TX_test_64_cla.cla                                                            
DT3000_TX_test_64_main.c                                                             
device\driverlib\ecap.c                                                              
device\driverlib\ecap.h                                                              
device\driverlib\epg.c                                                               
device\driverlib\epg.h                                                               
device\driverlib\epwm.c                                                              
device\driverlib\epwm.h                                                              
device\driverlib\eqep.c                                                              
device\driverlib\eqep.h                                                              
device\driverlib\erad.c                                                              
device\driverlib\erad.h                                                              
C:\github\DT-3000\eta_tx_DT3000_protocol.h                                           
device\f28003x_codestartbranch.asm                                                   
device\driverlib\flash.c                                                             
device\driverlib\flash.h                                                             
device\driverlib\fsi.c                                                               
device\driverlib\fsi.h                                                               
device\driverlib\gpio.c                                                              
device\driverlib\gpio.h                                                              
device\driverlib\hic.c                                                               
device\driverlib\hic.h                                                               
device\driverlib\hrcap.c                                                             
device\driverlib\hrcap.h                                                             
device\driverlib\hrpwm.c                                                             
device\driverlib\hrpwm.h                                                             
device\driverlib\inc\hw_adc.h                                                        
device\driverlib\inc\hw_aes.h                                                        
device\driverlib\inc\hw_aes_ss.h                                                     
device\driverlib\inc\hw_asysctl.h                                                    
device\driverlib\inc\hw_bgcrc.h                                                      
device\driverlib\inc\hw_can.h                                                        
device\driverlib\inc\hw_cla.h                                                        
device\driverlib\inc\hw_clb.h                                                        
device\driverlib\inc\hw_clbxbar.h                                                    
device\driverlib\inc\hw_cmpss.h                                                      
device\driverlib\inc\hw_cputimer.h                                                   
device\driverlib\inc\hw_dac.h                                                        
device\driverlib\inc\hw_dcc.h                                                        
device\driverlib\inc\hw_dcsm.h                                                       
device\driverlib\inc\hw_dma.h                                                        
device\driverlib\inc\hw_ecap.h                                                       
device\driverlib\inc\hw_epg.h                                                        
device\driverlib\inc\hw_epwm.h                                                       
device\driverlib\inc\hw_epwmxbar.h                                                   
device\driverlib\inc\hw_eqep.h                                                       
device\driverlib\inc\hw_erad.h                                                       
device\driverlib\inc\hw_flash.h                                                      
device\driverlib\inc\hw_fsi.h                                                        
device\driverlib\inc\hw_gpio.h                                                       
device\driverlib\inc\hw_hic.h                                                        
device\driverlib\inc\hw_hrcap.h                                                      
device\driverlib\inc\hw_hrpwm.h                                                      
device\driverlib\inc\hw_i2c.h                                                        
device\driverlib\inc\hw_inputxbar.h                                                  
device\driverlib\inc\hw_ints.h                                                       
device\driverlib\inc\hw_lin.h                                                        
device\driverlib\inc\hw_mcan.h                                                       
device\driverlib\inc\hw_mcanss.h                                                     
device\driverlib\inc\hw_memcfg.h                                                     
device\driverlib\inc\hw_memmap.h                                                     
device\driverlib\inc\hw_nmi.h                                                        
device\driverlib\inc\hw_outputxbar.h                                                 
device\driverlib\inc\hw_pbist.h                                                      
device\driverlib\inc\hw_pie.h                                                        
device\driverlib\inc\hw_pmbus.h                                                      
device\driverlib\hw_reg_inclusive_terminology.h                                      
device\driverlib\inc\hw_sci.h                                                        
device\driverlib\inc\hw_sdfm.h                                                       
device\driverlib\inc\hw_spi.h                                                        
device\driverlib\inc\hw_sysctl.h                                                     
device\driverlib\inc\hw_types.h                                                      
device\driverlib\inc\hw_types_mcan.h                                                 
device\driverlib\inc\hw_wd.h                                                         
device\driverlib\inc\hw_wwd.h                                                        
device\driverlib\inc\hw_xbar.h                                                       
device\driverlib\inc\hw_xint.h                                                       
device\driverlib\i2c.c                                                               
device\driverlib\i2c.h                                                               
device\driverlib\interrupt.c                                                         
device\driverlib\interrupt.h                                                         
device\driverlib\lin.c                                                               
device\driverlib\lin.h                                                               
device\driverlib\mcan.c                                                              
device\driverlib\mcan.h                                                              
device\driverlib\memcfg.c                                                            
device\driverlib\memcfg.h                                                            
device\driverlib\pin_map.h                                                           
device\driverlib\pmbus.c                                                             
device\driverlib\pmbus.h                                                             
device\driverlib\pmbus_common.h                                                      
device\driverlib\sci.c                                                               
device\driverlib\sci.h                                                               
device\driverlib\sdfm.c                                                              
device\driverlib\sdfm.h                                                              
device\driverlib\spi.c                                                               
device\driverlib\spi.h                                                               
C:\Program Files (x86)\GNU Tools Arm Embedded\9 2019-q4-major\arm-none-eabi\include\sys\_stdint.h
C:\ti\ccs1250\ccs\tools\compiler\ti-cgt-c2000_22.6.1.LTS\lib\src\string.h            
C:\ti\ccs1250\ccs\tools\compiler\ti-cgt-c2000_22.6.1.LTS\lib\src\xlocale\_string.h   
device\driverlib\inc\stw_dataTypes.h                                                 
device\driverlib\inc\stw_types.h                                                     
device\driverlib\sysctl.c                                                            
device\driverlib\sysctl.h                                                            
device\driverlib\version.c                                                           
device\driverlib\version.h                                                           
device\driverlib\xbar.c                                                              
device\driverlib\xbar.h                                                              

Total Files:          148


